$ cat my_script.py
from my_math.functions import *
print(add.my_add(1, 3))
print(mul.my_mul(4, 2))
print(div.my_div(10, 2))

$ cat my_math/__init__.py  # empty file
$ cat my_math/functions/__init__.py
__all__ = ["add", "mul"]

$ python3 my_script.py
3
8
Traceback (most recent call last):
  File "my_script.py", line 4, in <module>
    print(div.my_div(10, 2))
NameError: name 'div' is not defined
$

$ cat my_script.py
from my_math.positive import is_positive
print(is_positive(89))
print(is_positive(-89))
print(is_positive(333))

$ python3 my_script.py
True
False
True
$

$ cd my_math ; cat test_positive.py
from positive import is_positive
print(is_positive(89))
print(is_positive(-89))
print(is_positive(333))

$ cat positive.py
from my_math.abs import my_abs

def is_positive(n):
    return my_abs(n) == n

$ python3 test_positive.py
Traceback (most recent call last):
  File "test_positive.py", line 1, in <module>
    from positive import is_positive
  File "/vagrant/my_math/positive.py", line 1, in <module>
    from my_math.abs import my_abs
ImportError: No module named 'my_math'
$

$ cd my_math ; cat test_positive.py
from positive import is_positive
print(is_positive(89))
print(is_positive(-89))
print(is_positive(333))

$ cat positive.py
from abs import my_abs

def is_positive(n):
    return my_abs(n) == n

$ python3 test_positive.py
True
False
True
$